// Jest Snapshot v1, https://goo.gl/fbAQLP

exports[`Should render Expense List with empty message 1`] = `
<div>
  <h1>
    ExpenseList
  </h1>
  <p>
    No Expenses
  </p>
</div>
`;

exports[`Should render expense list with expenses 1`] = `
<div>
  <h1>
    ExpenseList
  </h1>
  <ExpenseItem
    amount={1}
    createdAt={0}
    description="test1"
    id="1"
    key="1"
    note=""
  />
  <ExpenseItem
    amount={2}
    createdAt={-345600000}
    description="test2"
    id="2"
    key="2"
    note=""
  />
  <ExpenseItem
    amount={3}
    createdAt={345600000}
    description="test3"
    id="3"
    key="3"
    note=""
  />
</div>
`;
